[12/09/25 09:00:17] INFO     Fetching 1 minutes of history binance_client.py:78
                             for 1 symbols...                                  
python : .F
At line:1 char:1
+ python verify_fixes.py > 
test_output.txt 2>&1
+ ~~~~~~~~~~~~~~~~~~~~~~~~~~
~~~~~~~~~~~~~~~~~~~
    + CategoryInfo          
    : NotSpecified: (.F:St  
  ring) [], RemoteExcepti   
 on
    + FullyQualifiedErrorId 
    : NativeCommandError
 
============================
============================
==============
FAIL: test_fetch_history (__
main__.TestFixes.test_fetch_
history)
Test fetching history and 
initializing data processor
----------------------------
----------------------------
--------------
Traceback (most recent call 
last):
  File "C:\Python314\Lib\uni
ttest\mock.py", line 1432, 
in patched
    return func(*newargs, 
**newkeywargs)
  File 
"D:\Automation\Python script
s\indraday-cypto-scanner\ver
ify_fixes.py", line 54, in 
test_fetch_history
    
self.assertIn("BTCUSDT", 
history)
    ~~~~~~~~~~~~~^^^^^^^^^^^
^^^^^^^^^
AssertionError: 'BTCUSDT' 
not found in {'btcusdt': 
[Candle(symbol='btcusdt', 
timestamp=1600000000000, 
open=100.0, high=105.0, 
low=95.0, close=102.0, 
volume=500.0, spot_cvd=0.0, 
perp_cvd=0.0, closed=True, 
vwap=None, atr=None, 
vwap_slope=None, 
atr_percentile=None, 
spot_cvd_slope=None, 
perp_cvd_slope=None)]}

----------------------------
----------------------------
--------------
Ran 2 tests in 0.004s

FAILED (failures=1)
